Microchip MPLAB XC8 Compiler V3.00

Linker command line:

-W-3 \
  --edf=C:\Program Files\Microchip\xc8\v3.00\pic\dat\20241204225717_en.msgs \
  -cn -h+dist/default/production\FR743_B101L_RX01.X.production.sym \
  --cmf=dist/default/production\FR743_B101L_RX01.X.production.cmf -z \
  -Q16F1936 -oC:\Users\t00904\AppData\Local\Temp\xcAsj6s.\driver_tmp_3.o \
  --defsym=__MPLAB_BUILD=1 --fixupoverflow=error \
  -Mdist/default/production/FR743_B101L_RX01.X.production.map \
  --md=C:\Users\t00904\AppData\Local\Temp\xcAsj6s.\driver_tmp_0.dat -E1 \
  -ver=XC8 Compiler -ACODE=00h-07FFhx4 -ASTRCODE=00h-01FFFh \
  -ASTRING=00h-0FFhx32 -ACONST=00h-0FFhx32 -AENTRY=00h-0FFhx32 \
  -ACOMMON=070h-07Fh -ABANK0=020h-06Fh -ABANK1=0A0h-0EFh \
  -ABANK2=0120h-016Fh -ABANK3=01A0h-01EFh -ABANK4=0220h-026Fh \
  -ABANK5=02A0h-02EFh -ABANK6=0320h-032Fh -ABIGRAM=02000h-021EFh \
  -ARAM=020h-06Fh,0A0h-0EFh,0120h-016Fh,01A0h-01EFh,0220h-026Fh,02A0h-02EFh,0320h-032Fh \
  -AABS1=020h-07Fh,0A0h-0EFh,0120h-016Fh,01A0h-01EFh,0220h-026Fh,02A0h-02EFh,0320h-032Fh \
  -ASFR0=00h-01Fh -ASFR1=080h-09Fh -ASFR2=0100h-011Fh -ASFR3=0180h-019Fh \
  -ASFR4=0200h-021Fh -ASFR5=0280h-029Fh -ASFR6=0300h-031Fh \
  -ASFR7=0380h-03EFh -ASFR8=0400h-046Fh -ASFR9=0480h-04EFh \
  -ASFR10=0500h-056Fh -ASFR11=0580h-05EFh -ASFR12=0600h-066Fh \
  -ASFR13=0680h-06EFh -ASFR14=0700h-076Fh -ASFR15=0780h-07EFh \
  -ASFR16=0800h-086Fh -ASFR17=0880h-08EFh -ASFR18=0900h-096Fh \
  -ASFR19=0980h-09EFh -ASFR20=0A00h-0A6Fh -ASFR21=0A80h-0AEFh \
  -ASFR22=0B00h-0B6Fh -ASFR23=0B80h-0BEFh -ASFR24=0C00h-0C6Fh \
  -ASFR25=0C80h-0CEFh -ASFR26=0D00h-0D6Fh -ASFR27=0D80h-0DEFh \
  -ASFR28=0E00h-0E6Fh -ASFR29=0E80h-0EEFh -ASFR30=0F00h-0F6Fh \
  -ASFR31=0F80h-0FEFh -ACONFIG=08007h-08008h -DCONFIG=2 \
  -AIDLOC=08000h-08003h -DIDLOC=2 -AEEDATA=00h-0FFh/0F000h \
  -peeprom_data=EEDATA -DEEDATA=2 -DCODE=2 -DSTRCODE=2 -DSTRING=2 -DCONST=2 \
  -DENTRY=2 -preset_vec=00h,intentry=04h,sivt,init,end_init -ppowerup=CODE \
  -pcinit=CODE -pfunctab=ENTRY -k \
  C:\Users\t00904\AppData\Local\Temp\xcAsj6s.\driver_tmp_15.o \
  dist/default/production\FR743_B101L_RX01.X.production.o 

Object code version is 3.11

Machine type is 16F1936



                Name                               Link     Load   Length Selector   Space Scale
C:\Users\t00904\AppData\Local\Temp\xcAsj6s.\driver_tmp_15.o
                end_init                             38       38        2        8       0
                reset_vec                             0        0        2        0       0
                config                             8007     8007        2        0       4
dist/default/production\FR743_B101L_RX01.X.production.o
                cinit                                3A       3A       18        8       0
                intentry                              4        4       34        8       0
                config                             8007     8007        2        0       4
                text48                              528      528       15        8       0
                text47                              629      629        4      C10       0
                text46                              632      632        1      C10       0
                text45                              625      625        4      C10       0
                text44                              35A      35A       3A        8       0
                text43                              4A9      4A9       1E        8       0
                text42                              61C      61C        5      C10       0
                text41                              631      631        1      C10       0
                text40                              5AF      5AF        D        8       0
                text39                              577      577       10        8       0
                text37                              3C6      3C6       2C        8       0
                text36                              5C8      5C8        9        8       0
                text35                              442      442       24        8       0
                text34                              62D      62D        3      C10       0
                text33                              564      564       13        8       0
                text32                              18C      18C       86        8       0
                text31                              274      274       5E        8       0
                text30                              4E1      4E1       1A        8       0
                text29                              617      617        5      C10       0
                text28                              612      612        5      C10       0
                text27                              41C      41C       26        8       0
                text26                              394      394       32        8       0
                text25                              466      466       23        8       0
                text24                              489      489       20        8       0
                text23                              212      212       62        8       0
                text22                              60D      60D        5      C10       0
                text21                              5A2      5A2        D        8       0
                text20                              608      608        5      C10       0
                text19                              4FB      4FB       17        8       0
                text18                              3F2      3F2       2A        8       0
                text17                              2D2      2D2       4A        8       0
                text16                               52       52      13A        8       0
                text15                              5FD      5FD        6        8       0
                text14                              5F7      5F7        6        8       0
                text13                              5F1      5F1        6        8       0
                text12                              5EB      5EB        6        8       0
                text11                              5E5      5E5        6        8       0
                text10                              31C      31C       3E        8       0
                text9                               5DF      5DF        6        8       0
                text8                               5D1      5D1        8        8       0
                text7                               512      512       16        8       0
                text6                               595      595        D        8       0
                text5                               5BC      5BC        C        8       0
                text4                               4C7      4C7       1A        8       0
                text3                               53D      53D       14        8       0
                text2                               621      621        4      C10       0
                text1                               551      551       13        8       0
                maintext                            587      587        E        8       0
                cstackBANK0                          63       63        9       20       1
                cstackCOMMON                         70       70        E       70       1
                cstackBANK1                          A8       A8        5       A0       1
                clrtext                             5D9      5D9        6        8       0
                bssBANK1                             A0       A0        8       A0       1
                dataBANK0                            6C       6C        1       20       1
                bssBANK0                             20       20       43       20       1
                stringtext1                         603      603        5      C06       0
                idataBANK0                          630      630        1      C10       0

TOTAL           Name                               Link     Load   Length     Space
        CLASS   CODE           
                end_init                             38       38        2         0
                cinit                                3A       3A       18         0
                intentry                              4        4       34         0
                reset_vec                             0        0        2         0
                text48                              528      528       15         0
                text47                              629      629        4         0
                text46                              632      632        1         0
                text45                              625      625        4         0
                text44                              35A      35A       3A         0
                text43                              4A9      4A9       1E         0
                text42                              61C      61C        5         0
                text41                              631      631        1         0
                text40                              5AF      5AF        D         0
                text39                              577      577       10         0
                text37                              3C6      3C6       2C         0
                text36                              5C8      5C8        9         0
                text35                              442      442       24         0
                text34                              62D      62D        3         0
                text33                              564      564       13         0
                text32                              18C      18C       86         0
                text31                              274      274       5E         0
                text30                              4E1      4E1       1A         0
                text29                              617      617        5         0
                text28                              612      612        5         0
                text27                              41C      41C       26         0
                text26                              394      394       32         0
                text25                              466      466       23         0
                text24                              489      489       20         0
                text23                              212      212       62         0
                text22                              60D      60D        5         0
                text21                              5A2      5A2        D         0
                text20                              608      608        5         0
                text19                              4FB      4FB       17         0
                text18                              3F2      3F2       2A         0
                text17                              2D2      2D2       4A         0
                text16                               52       52      13A         0
                text15                              5FD      5FD        6         0
                text14                              5F7      5F7        6         0
                text13                              5F1      5F1        6         0
                text12                              5EB      5EB        6         0
                text11                              5E5      5E5        6         0
                text10                              31C      31C       3E         0
                text9                               5DF      5DF        6         0
                text8                               5D1      5D1        8         0
                text7                               512      512       16         0
                text6                               595      595        D         0
                text5                               5BC      5BC        C         0
                text4                               4C7      4C7       1A         0
                text3                               53D      53D       14         0
                text2                               621      621        4         0
                text1                               551      551       13         0
                maintext                            587      587        E         0
                clrtext                             5D9      5D9        6         0
                idataBANK0                          630      630        1         0

        CLASS   STRCODE        
                stringtext1                         603      603        5         0

        CLASS   STRING         

        CLASS   CONST          

        CLASS   ENTRY          

        CLASS   COMMON         
                cstackCOMMON                         70       70        E         1

        CLASS   BANK0          
                cstackBANK0                          63       63        9         1
                dataBANK0                            6C       6C        1         1
                bssBANK0                             20       20       43         1

        CLASS   BANK1          
                cstackBANK1                          A8       A8        5         1
                bssBANK1                             A0       A0        8         1

        CLASS   BANK2          

        CLASS   BANK3          

        CLASS   BANK4          

        CLASS   BANK5          

        CLASS   BANK6          

        CLASS   BIGRAM         

        CLASS   RAM            

        CLASS   ABS1           
                abs_s1                               7E       7E        2         1

        CLASS   SFR0           

        CLASS   SFR1           

        CLASS   SFR2           

        CLASS   SFR3           

        CLASS   SFR4           

        CLASS   SFR5           

        CLASS   SFR6           

        CLASS   SFR7           

        CLASS   SFR8           

        CLASS   SFR9           

        CLASS   SFR10          

        CLASS   SFR11          

        CLASS   SFR12          

        CLASS   SFR13          

        CLASS   SFR14          

        CLASS   SFR15          

        CLASS   SFR16          

        CLASS   SFR17          

        CLASS   SFR18          

        CLASS   SFR19          

        CLASS   SFR20          

        CLASS   SFR21          

        CLASS   SFR22          

        CLASS   SFR23          

        CLASS   SFR24          

        CLASS   SFR25          

        CLASS   SFR26          

        CLASS   SFR27          

        CLASS   SFR28          

        CLASS   SFR29          

        CLASS   SFR30          

        CLASS   SFR31          

        CLASS   CONFIG         
                config                             8007     8007        2         4

        CLASS   IDLOC          

        CLASS   EEDATA         

        CLASS   BANK31         

        CLASS   BANK30         

        CLASS   BANK29         

        CLASS   BANK28         

        CLASS   BANK27         

        CLASS   BANK26         

        CLASS   BANK25         

        CLASS   BANK24         

        CLASS   BANK23         

        CLASS   BANK22         

        CLASS   BANK21         

        CLASS   BANK20         

        CLASS   BANK19         

        CLASS   BANK18         

        CLASS   BANK17         

        CLASS   BANK16         

        CLASS   BANK15         

        CLASS   BANK14         

        CLASS   BANK13         

        CLASS   BANK12         

        CLASS   BANK11         

        CLASS   BANK10         

        CLASS   BANK9          

        CLASS   BANK8          

        CLASS   BANK7          

        CLASS   HEAP           

        CLASS   STACK          



SEGMENTS        Name                           Load    Length   Top    Selector   Space  Class     Delta

                reset_vec                      000000  000002  000002         0       0  CODE        2
                intentry                       000004  0005FF  000603         8       0  CODE        2
                bssBANK0                       000020  00004D  00006D        20       1  BANK0       1
                cstackCOMMON                   000070  00000E  00007E        70       1  COMMON      1
                bssBANK1                       0000A0  00000D  0000AD        A0       1  BANK1       1
                stringtext1                    000603  000005  000608       C06       0  STRCODE     2
                text20                         000608  00002B  000633       C10       0  CODE        2


UNUSED ADDRESS RANGES

        Name                Unused          Largest block    Delta
        BANK0            0006D-0006F               3           1
        BANK1            000AD-000EF              43           1
        BANK2            00120-0016F              50           1
        BANK3            001A0-001EF              50           1
        BANK4            00220-0026F              50           1
        BANK5            002A0-002EF              50           1
        BANK6            00320-0032F              10           1
        BIGRAM           02000-021EF             1F0           1
        CODE             00002-00003               2           2
                         00633-01FFF             800
        CONST            00002-00003               2           2
                         00633-01FFF             100
        EEDATA           0F000-0F0FF             100           2
        ENTRY            00002-00003               2           2
                         00633-01FFF             100
        IDLOC            08000-08003               4           2
        RAM              0006D-0006F               3           1
                         000AD-000EF              43
                         00120-0016F              50
                         001A0-001EF              50
                         00220-0026F              50
                         002A0-002EF              50
                         00320-0032F              10
        SFR0             00000-0001F              20           1
        SFR1             00080-0009F              20           1
        SFR10            00500-0056F              70           1
        SFR11            00580-005EF              70           1
        SFR12            00600-0066F              70           1
        SFR13            00680-006EF              70           1
        SFR14            00700-0076F              70           1
        SFR15            00780-007EF              70           1
        SFR16            00800-0086F              70           1
        SFR17            00880-008EF              70           1
        SFR18            00900-0096F              70           1
        SFR19            00980-009EF              70           1
        SFR2             00100-0011F              20           1
        SFR20            00A00-00A6F              70           1
        SFR21            00A80-00AEF              70           1
        SFR22            00B00-00B6F              70           1
        SFR23            00B80-00BEF              70           1
        SFR24            00C00-00C6F              70           1
        SFR25            00C80-00CEF              70           1
        SFR26            00D00-00D6F              70           1
        SFR27            00D80-00DEF              70           1
        SFR28            00E00-00E6F              70           1
        SFR29            00E80-00EEF              70           1
        SFR3             00180-0019F              20           1
        SFR30            00F00-00F6F              70           1
        SFR31            00F80-00FEF              70           1
        SFR4             00200-0021F              20           1
        SFR5             00280-0029F              20           1
        SFR6             00300-0031F              20           1
        SFR7             00380-003EF              70           1
        SFR8             00400-0046F              70           1
        SFR9             00480-004EF              70           1
        STRCODE          00002-00003               2           2
                         00633-01FFF            19CD
        STRING           00002-00003               2           2
                         00633-01FFF             100

                                  Symbol Table

AutoBaud_Detect@i                              cstackCOMMON 00072
EUSART_Read@readValue                          cstackCOMMON 00070
EUSART_SetErrorHandler@interruptHandler        cstackCOMMON 00070
EUSART_SetFramingErrorHandler@interruptHandler cstackCOMMON 00070
EUSART_SetOverrunErrorHandler@interruptHandler cstackCOMMON 00070
EUSART_SetRxInterruptHandler@interruptHandler  cstackCOMMON 00070
EUSART_SetTxInterruptHandler@interruptHandler  cstackCOMMON 00070
EUSART_Write@txData                            cstackCOMMON 00070
LIN_calcParity@CMD                             cstackCOMMON 00071
LIN_calcParity@PID                             cstackCOMMON 00072
LIN_checkPID@pid                               cstackCOMMON 00077
LIN_getChecksum@checksum                       cstackCOMMON 00077
LIN_getChecksum@data                           cstackCOMMON 00071
LIN_getChecksum@i                              cstackCOMMON 00076
LIN_getChecksum@length                         cstackCOMMON 00075
LIN_getChecksum@pid                            cstackCOMMON 00070
LIN_getFromTable@cmd                           cstackCOMMON 00073
LIN_getFromTable@length                        cstackCOMMON 00074
LIN_getFromTable@param                         cstackCOMMON 00070
LIN_getFromTable@rxCommand                     cstackCOMMON 00075
LIN_getPacket@cmd                              cstackCOMMON 0007A
LIN_getPacket@data                             cstackCOMMON 00079
LIN_handler@LIN_rxState                        bssBANK0     00051
LIN_handler@rxDataIndex                        bssBANK0     00050
LIN_init@command                               cstackCOMMON 00072
LIN_init@processData                           cstackCOMMON 00074
LIN_init@tableLength                           cstackCOMMON 00076
LIN_queuePacket@cmd                            cstackBANK0  00064
LIN_queuePacket@i                              cstackBANK0  00065
LIN_queuePacket@tempSchedule                   cstackBANK0  00066
LIN_sendPacket@data                            cstackCOMMON 0007A
LIN_sendPacket@i                               cstackCOMMON 0007D
LIN_sendPacket@length                          cstackCOMMON 0007C
LIN_sendPacket@pid                             cstackCOMMON 00079
LIN_startTimer@timeout                         cstackCOMMON 00071
TMR0_SetInterruptHandler@InterruptHandler      cstackCOMMON 00070
TMR0_WriteTimer@timerVal                       cstackCOMMON 00070
_ANSELA                                        (abs)        0018C
_ANSELB                                        (abs)        0018D
_APFCON                                        (abs)        0011D
_AutoBaud_Detect                               text37       003C6
_BAUDCON                                       (abs)        0019F
_BAUDCONbits                                   (abs)        0019F
_BORCON                                        (abs)        00116
_CountCallBack                                 bssBANK0     00052
_EUSART_DefaultErrorHandler                    text47       00629
_EUSART_DefaultFramingErrorHandler             text46       00632
_EUSART_DefaultOverrunErrorHandler             text45       00625
_EUSART_ErrorHandler                           bssBANK0     0003A
_EUSART_FramingErrorHandler                    bssBANK0     0003E
_EUSART_Initialize                             text10       0031C
_EUSART_OverrunErrorHandler                    bssBANK0     0003C
_EUSART_Read                                   text35       00442
_EUSART_Receive_ISR                            text44       0035A
_EUSART_RxDataHandler                          text48       00528
_EUSART_RxDefaultInterruptHandler              bssBANK0     00040
_EUSART_SetErrorHandler                        text15       005FD
_EUSART_SetFramingErrorHandler                 text14       005F7
_EUSART_SetOverrunErrorHandler                 text13       005F1
_EUSART_SetRxInterruptHandler                  text12       005EB
_EUSART_SetTxInterruptHandler                  text11       005E5
_EUSART_Transmit_ISR                           text43       004A9
_EUSART_TxDefaultInterruptHandler              bssBANK0     00042
_EUSART_Write                                  text27       0041C
_EUSART_get_last_status                        text34       0062D
_EUSART_is_rx_ready                            text36       005C8
_INTCONbits                                    (abs)        0000B
_INTERRUPT_InterruptManager                    intentry     00004
_LATA                                          (abs)        0010C
_LATB                                          (abs)        0010D
_LATBbits                                      (abs)        0010D
_LATC                                          (abs)        0010E
_LATE                                          (abs)        00110
_LIN_Slave_Initialize                          text6        00595
_LIN_breakCheck                                text33       00564
_LIN_calcParity                                text32       0018C
_LIN_checkPID                                  text30       004E1
_LIN_disableRx                                 text29       00617
_LIN_enableRx                                  text28       00612
_LIN_getChecksum                               text26       00394
_LIN_getFromTable                              text31       00274
_LIN_getPacket                                 text18       003F2
_LIN_handler                                   text16       00052
_LIN_init                                      text7        00512
_LIN_packet                                    bssBANK0     00056
_LIN_processData                               bssBANK0     00046
_LIN_queuePacket                               text23       00212
_LIN_rxCommand                                 bssBANK0     00044
_LIN_rxCommandLength                           bssBANK0     00054
_LIN_rxInProgress                              bssBANK0     00055
_LIN_sendPacket                                text25       00466
_LIN_setTimerHandler                           text8        005D1
_LIN_startTimer                                text21       005A2
_LIN_stopTimer                                 text20       00608
_LIN_timeout                                   dataBANK0    0006C
_LIN_timerHandler                              text40       005AF
_LIN_timerRunning                              bssBANK0     00053
_OPTION_REG                                    (abs)        00095
_OPTION_REGbits                                (abs)        00095
_OSCCON                                        (abs)        00099
_OSCILLATOR_Initialize                         text5        005BC
_OSCTUNE                                       (abs)        00098
_PIE1bits                                      (abs)        00091
_PIN_MANAGER_Initialize                        text4        004C7
_PIR1bits                                      (abs)        00011
_PLLR                                          (abs)        004D6
_RCREG                                         (abs)        00199
_RCSTA                                         (abs)        0019D
_RCSTAbits                                     (abs)        0019D
_SPBRGH                                        (abs)        0019C
_SPBRGL                                        (abs)        0019B
_SW_STATE_Data                                 bssBANK1     000A0
_SYSTEM_Initialize                             text1        00551
_TMR0                                          (abs)        00015
_TMR0_DefaultInterruptHandler                  text41       00631
_TMR0_ISR                                      text39       00577
_TMR0_Initialize                               text3        0053D
_TMR0_InterruptHandler                         bssBANK0     00038
_TMR0_SetInterruptHandler                      text9        005DF
_TMR0_WriteTimer                               text22       0060D
_TRISA                                         (abs)        0008C
_TRISB                                         (abs)        0008D
_TRISC                                         (abs)        0008E
_TRISE                                         (abs)        00090
_TXREG                                         (abs)        0019A
_TXSTA                                         (abs)        0019E
_TXSTAbits                                     (abs)        0019E
_WDTCON                                        (abs)        00097
_WDT_Initialize                                text2        00621
_WPUB                                          (abs)        0020D
_WPUE                                          (abs)        00210
__H__absolute__                                __absolute__ 00000
__Habs1                                        abs1         00000
__Hbank0                                       bank0        00000
__Hbank1                                       bank1        00000
__Hbank10                                      bank10       00000
__Hbank11                                      bank11       00000
__Hbank12                                      bank12       00000
__Hbank13                                      bank13       00000
__Hbank14                                      bank14       00000
__Hbank15                                      bank15       00000
__Hbank16                                      bank16       00000
__Hbank17                                      bank17       00000
__Hbank18                                      bank18       00000
__Hbank19                                      bank19       00000
__Hbank2                                       bank2        00000
__Hbank20                                      bank20       00000
__Hbank21                                      bank21       00000
__Hbank22                                      bank22       00000
__Hbank23                                      bank23       00000
__Hbank24                                      bank24       00000
__Hbank25                                      bank25       00000
__Hbank26                                      bank26       00000
__Hbank27                                      bank27       00000
__Hbank28                                      bank28       00000
__Hbank29                                      bank29       00000
__Hbank3                                       bank3        00000
__Hbank30                                      bank30       00000
__Hbank31                                      bank31       00000
__Hbank4                                       bank4        00000
__Hbank5                                       bank5        00000
__Hbank6                                       bank6        00000
__Hbank7                                       bank7        00000
__Hbank8                                       bank8        00000
__Hbank9                                       bank9        00000
__Hbigram                                      bigram       00000
__HbssBANK0                                    bssBANK0     00000
__HbssBANK1                                    bssBANK1     00000
__Hcinit                                       cinit        00052
__Hclrtext                                     clrtext      00000
__Hcode                                        code         00000
__Hcommon                                      common       00000
__Hconfig                                      config       08009
__HcstackBANK0                                 cstackBANK0  00000
__HcstackBANK1                                 cstackBANK1  00000
__HcstackCOMMON                                cstackCOMMON 00000
__HdataBANK0                                   dataBANK0    00000
__Heeprom_data                                 eeprom_data  00000
__Hend_init                                    end_init     0003A
__Hfunctab                                     functab      00000
__Hheap                                        heap         00000
__HidataBANK0                                  idataBANK0   00000
__Hinit                                        init         00038
__Hintentry                                    intentry     00038
__Hmaintext                                    maintext     00000
__Hpowerup                                     powerup      00000
__Hram                                         ram          00000
__Hreset_vec                                   reset_vec    00002
__Hsfr0                                        sfr0         00000
__Hsfr1                                        sfr1         00000
__Hsfr10                                       sfr10        00000
__Hsfr11                                       sfr11        00000
__Hsfr12                                       sfr12        00000
__Hsfr13                                       sfr13        00000
__Hsfr14                                       sfr14        00000
__Hsfr15                                       sfr15        00000
__Hsfr16                                       sfr16        00000
__Hsfr17                                       sfr17        00000
__Hsfr18                                       sfr18        00000
__Hsfr19                                       sfr19        00000
__Hsfr2                                        sfr2         00000
__Hsfr20                                       sfr20        00000
__Hsfr21                                       sfr21        00000
__Hsfr22                                       sfr22        00000
__Hsfr23                                       sfr23        00000
__Hsfr24                                       sfr24        00000
__Hsfr25                                       sfr25        00000
__Hsfr26                                       sfr26        00000
__Hsfr27                                       sfr27        00000
__Hsfr28                                       sfr28        00000
__Hsfr29                                       sfr29        00000
__Hsfr3                                        sfr3         00000
__Hsfr30                                       sfr30        00000
__Hsfr31                                       sfr31        00000
__Hsfr4                                        sfr4         00000
__Hsfr5                                        sfr5         00000
__Hsfr6                                        sfr6         00000
__Hsfr7                                        sfr7         00000
__Hsfr8                                        sfr8         00000
__Hsfr9                                        sfr9         00000
__Hsivt                                        sivt         00038
__Hspace_0                                     (abs)        00633
__Hspace_1                                     (abs)        000AD
__Hspace_2                                     (abs)        00000
__Hspace_3                                     (abs)        00000
__Hspace_4                                     (abs)        10010
__Hstack                                       stack        00000
__Hstrings                                     strings      00000
__Hstringtext1                                 stringtext1  00000
__Htext                                        text         00000
__L__absolute__                                __absolute__ 00000
__Labs1                                        abs1         00000
__Lbank0                                       bank0        00000
__Lbank1                                       bank1        00000
__Lbank10                                      bank10       00000
__Lbank11                                      bank11       00000
__Lbank12                                      bank12       00000
__Lbank13                                      bank13       00000
__Lbank14                                      bank14       00000
__Lbank15                                      bank15       00000
__Lbank16                                      bank16       00000
__Lbank17                                      bank17       00000
__Lbank18                                      bank18       00000
__Lbank19                                      bank19       00000
__Lbank2                                       bank2        00000
__Lbank20                                      bank20       00000
__Lbank21                                      bank21       00000
__Lbank22                                      bank22       00000
__Lbank23                                      bank23       00000
__Lbank24                                      bank24       00000
__Lbank25                                      bank25       00000
__Lbank26                                      bank26       00000
__Lbank27                                      bank27       00000
__Lbank28                                      bank28       00000
__Lbank29                                      bank29       00000
__Lbank3                                       bank3        00000
__Lbank30                                      bank30       00000
__Lbank31                                      bank31       00000
__Lbank4                                       bank4        00000
__Lbank5                                       bank5        00000
__Lbank6                                       bank6        00000
__Lbank7                                       bank7        00000
__Lbank8                                       bank8        00000
__Lbank9                                       bank9        00000
__Lbigram                                      bigram       00000
__LbssBANK0                                    bssBANK0     00000
__LbssBANK1                                    bssBANK1     00000
__Lcinit                                       cinit        0003A
__Lclrtext                                     clrtext      00000
__Lcode                                        code         00000
__Lcommon                                      common       00000
__Lconfig                                      config       00000
__LcstackBANK0                                 cstackBANK0  00000
__LcstackBANK1                                 cstackBANK1  00000
__LcstackCOMMON                                cstackCOMMON 00000
__LdataBANK0                                   dataBANK0    00000
__Leeprom_data                                 eeprom_data  00000
__Lend_init                                    end_init     00038
__Lfunctab                                     functab      00000
__Lheap                                        heap         00000
__LidataBANK0                                  idataBANK0   00000
__Linit                                        init         00038
__Lintentry                                    intentry     00004
__Lmaintext                                    maintext     00000
__Lpowerup                                     powerup      00000
__Lram                                         ram          00000
__Lreset_vec                                   reset_vec    00000
__Lsfr0                                        sfr0         00000
__Lsfr1                                        sfr1         00000
__Lsfr10                                       sfr10        00000
__Lsfr11                                       sfr11        00000
__Lsfr12                                       sfr12        00000
__Lsfr13                                       sfr13        00000
__Lsfr14                                       sfr14        00000
__Lsfr15                                       sfr15        00000
__Lsfr16                                       sfr16        00000
__Lsfr17                                       sfr17        00000
__Lsfr18                                       sfr18        00000
__Lsfr19                                       sfr19        00000
__Lsfr2                                        sfr2         00000
__Lsfr20                                       sfr20        00000
__Lsfr21                                       sfr21        00000
__Lsfr22                                       sfr22        00000
__Lsfr23                                       sfr23        00000
__Lsfr24                                       sfr24        00000
__Lsfr25                                       sfr25        00000
__Lsfr26                                       sfr26        00000
__Lsfr27                                       sfr27        00000
__Lsfr28                                       sfr28        00000
__Lsfr29                                       sfr29        00000
__Lsfr3                                        sfr3         00000
__Lsfr30                                       sfr30        00000
__Lsfr31                                       sfr31        00000
__Lsfr4                                        sfr4         00000
__Lsfr5                                        sfr5         00000
__Lsfr6                                        sfr6         00000
__Lsfr7                                        sfr7         00000
__Lsfr8                                        sfr8         00000
__Lsfr9                                        sfr9         00000
__Lsivt                                        sivt         00038
__Lspace_0                                     (abs)        00000
__Lspace_1                                     (abs)        00000
__Lspace_2                                     (abs)        00000
__Lspace_3                                     (abs)        00000
__Lspace_4                                     (abs)        00000
__Lstack                                       stack        00000
__Lstrings                                     strings      00000
__Lstringtext1                                 stringtext1  00000
__Ltext                                        text         00000
__S0                                           (abs)        00633
__S1                                           (abs)        000AD
__S3                                           (abs)        00000
___heap_hi                                     (abs)        00000
___heap_lo                                     (abs)        00000
___int_sp                                      stack        00000
___int_stack_hi                                stack        00000
___int_stack_lo                                stack        00000
___latbits                                     (abs)        00002
___sp                                          stack        00000
___stack_hi                                    stack        00000
___stack_lo                                    stack        00000
___stackhi                                     (abs)        00000
___stacklo                                     (abs)        00000
__end_of_AutoBaud_Detect                       text37       003F2
__end_of_EUSART_DefaultErrorHandler            text47       0062D
__end_of_EUSART_DefaultFramingErrorHandler     text46       00633
__end_of_EUSART_DefaultOverrunErrorHandler     text45       00629
__end_of_EUSART_Initialize                     text10       0035A
__end_of_EUSART_Read                           text35       00466
__end_of_EUSART_Receive_ISR                    text44       00394
__end_of_EUSART_RxDataHandler                  text48       0053D
__end_of_EUSART_SetErrorHandler                text15       00603
__end_of_EUSART_SetFramingErrorHandler         text14       005FD
__end_of_EUSART_SetOverrunErrorHandler         text13       005F7
__end_of_EUSART_SetRxInterruptHandler          text12       005F1
__end_of_EUSART_SetTxInterruptHandler          text11       005EB
__end_of_EUSART_Transmit_ISR                   text43       004C7
__end_of_EUSART_Write                          text27       00442
__end_of_EUSART_get_last_status                text34       00630
__end_of_EUSART_is_rx_ready                    text36       005D1
__end_of_INTERRUPT_InterruptManager            intentry     00038
__end_of_LIN_Slave_Initialize                  text6        005A2
__end_of_LIN_breakCheck                        text33       00577
__end_of_LIN_calcParity                        text32       00212
__end_of_LIN_checkPID                          text30       004FB
__end_of_LIN_disableRx                         text29       0061C
__end_of_LIN_enableRx                          text28       00617
__end_of_LIN_getChecksum                       text26       003C6
__end_of_LIN_getFromTable                      text31       002D2
__end_of_LIN_getPacket                         text18       0041C
__end_of_LIN_handler                           text16       0018C
__end_of_LIN_init                              text7        00528
__end_of_LIN_queuePacket                       text23       00274
__end_of_LIN_sendPacket                        text25       00489
__end_of_LIN_setTimerHandler                   text8        005D9
__end_of_LIN_startTimer                        text21       005AF
__end_of_LIN_stopTimer                         text20       0060D
__end_of_LIN_timerHandler                      text40       005BC
__end_of_OSCILLATOR_Initialize                 text5        005C8
__end_of_PIN_MANAGER_Initialize                text4        004E1
__end_of_SYSTEM_Initialize                     text1        00564
__end_of_TMR0_DefaultInterruptHandler          text41       00632
__end_of_TMR0_ISR                              text39       00587
__end_of_TMR0_Initialize                       text3        00551
__end_of_TMR0_SetInterruptHandler              text9        005E5
__end_of_TMR0_WriteTimer                       text22       00612
__end_of_WDT_Initialize                        text2        00625
__end_of__initialization                       cinit        0004E
__end_of_main                                  maintext     00595
__end_of_memcpy                                text24       004A9
__end_of_memset                                text19       00512
__end_of_processLIN                            text17       0031C
__end_of_scheduleTable                         stringtext1  00608
__end_ofi1_LIN_stopTimer                       text42       00621
__initialization                               cinit        0003A
__pbssBANK0                                    bssBANK0     00020
__pbssBANK1                                    bssBANK1     000A0
__pcstackBANK0                                 cstackBANK0  00063
__pcstackBANK1                                 cstackBANK1  000A8
__pcstackCOMMON                                cstackCOMMON 00070
__pdataBANK0                                   dataBANK0    0006C
__pidataBANK0                                  idataBANK0   00630
__pintentry                                    intentry     00004
__pmaintext                                    maintext     00587
__pstringtext1                                 stringtext1  00603
__ptext1                                       text1        00551
__ptext10                                      text10       0031C
__ptext11                                      text11       005E5
__ptext12                                      text12       005EB
__ptext13                                      text13       005F1
__ptext14                                      text14       005F7
__ptext15                                      text15       005FD
__ptext16                                      text16       00052
__ptext17                                      text17       002D2
__ptext18                                      text18       003F2
__ptext19                                      text19       004FB
__ptext2                                       text2        00621
__ptext20                                      text20       00608
__ptext21                                      text21       005A2
__ptext22                                      text22       0060D
__ptext23                                      text23       00212
__ptext24                                      text24       00489
__ptext25                                      text25       00466
__ptext26                                      text26       00394
__ptext27                                      text27       0041C
__ptext28                                      text28       00612
__ptext29                                      text29       00617
__ptext3                                       text3        0053D
__ptext30                                      text30       004E1
__ptext31                                      text31       00274
__ptext32                                      text32       0018C
__ptext33                                      text33       00564
__ptext34                                      text34       0062D
__ptext35                                      text35       00442
__ptext36                                      text36       005C8
__ptext37                                      text37       003C6
__ptext39                                      text39       00577
__ptext4                                       text4        004C7
__ptext40                                      text40       005AF
__ptext41                                      text41       00631
__ptext42                                      text42       0061C
__ptext43                                      text43       004A9
__ptext44                                      text44       0035A
__ptext45                                      text45       00625
__ptext46                                      text46       00632
__ptext47                                      text47       00629
__ptext48                                      text48       00528
__ptext5                                       text5        005BC
__ptext6                                       text6        00595
__ptext7                                       text7        00512
__ptext8                                       text8        005D1
__ptext9                                       text9        005DF
_eusartRxBuffer                                bssBANK0     00028
_eusartRxCount                                 bssBANK0     0004A
_eusartRxHead                                  bssBANK0     0004C
_eusartRxLastError                             bssBANK0     00049
_eusartRxStatusBuffer                          bssBANK0     00020
_eusartRxTail                                  bssBANK0     0004B
_eusartTxBuffer                                bssBANK0     00030
_eusartTxBufferRemaining                       bssBANK0     0004D
_eusartTxHead                                  bssBANK0     0004F
_eusartTxTail                                  bssBANK0     0004E
_main                                          maintext     00587
_memcpy                                        text24       00489
_memset                                        text19       004FB
_processLIN                                    text17       002D2
_scheduleTable                                 stringtext1  00603
_timer0ReloadVal                               bssBANK0     00048
btemp                                          (abs)        0007E
clear_ram0                                     clrtext      005D9
end_of_initialization                          cinit        0004E
i1_LIN_stopTimer                               text42       0061C
int$flags                                      (abs)        0007E
intlevel0                                      functab      00000
intlevel1                                      functab      00000
intlevel2                                      functab      00000
intlevel3                                      functab      00000
intlevel4                                      functab      00000
intlevel5                                      functab      00000
memcpy@d                                       cstackCOMMON 00077
memcpy@d1                                      cstackCOMMON 00070
memcpy@n                                       cstackCOMMON 00074
memcpy@s                                       cstackCOMMON 00078
memcpy@s1                                      cstackCOMMON 00072
memcpy@tmp                                     cstackCOMMON 00076
memset@c                                       cstackCOMMON 00072
memset@dest                                    cstackCOMMON 00070
memset@n                                       cstackCOMMON 00074
memset@p                                       cstackCOMMON 00076
processLIN@cmd                                 cstackBANK0  0006B
processLIN@tempRxData                          cstackBANK0  00063
reset_vec                                      reset_vec    00000
start                                          init         00038
start_initialization                           cinit        0003A
wtemp0                                         (abs)        0007E


MODULE INFORMATION

Module		Function		Class		Link	Load	Size
C:\Program Files\Microchip\xc8\v3.00\pic\sources\c99\common\memcpy.c
		_memcpy        		CODE           	0489	0000	32

C:\Program Files\Microchip\xc8\v3.00\pic\sources\c99\common\memcpy.c estimated size: 32

mcc_generated_files/interrupt_manager.c
		_INTERRUPT_InterruptManager		CODE           	0004	0000	52

mcc_generated_files/interrupt_manager.c estimated size: 52

mcc_generated_files/tmr0.c
		_TMR0_SetInterruptHandler		CODE           	05DF	0000	6
		_TMR0_DefaultInterruptHandler		CODE           	0631	0000	1
		_TMR0_WriteTimer		CODE           	060D	0000	5
		_TMR0_ISR      		CODE           	0577	0000	16
		_TMR0_Initialize		CODE           	053D	0000	20

mcc_generated_files/tmr0.c estimated size: 48

mcc_generated_files/pin_manager.c
		_PIN_MANAGER_Initialize		CODE           	04C7	0000	26

mcc_generated_files/pin_manager.c estimated size: 26

shared
		i1_LIN_stopTimer		CODE           	061C	0000	5
		_scheduleTable 		STRCODE        	0603	0000	5
		__initialization		CODE           	003A	0000	20

shared estimated size: 30

mcc_generated_files/mcc.c
		_WDT_Initialize		CODE           	0621	0000	4
		_OSCILLATOR_Initialize		CODE           	05BC	0000	12
		_SYSTEM_Initialize		CODE           	0551	0000	19

mcc_generated_files/mcc.c estimated size: 35

mcc_generated_files/LINDrivers/lin_app.c
		_processLIN    		CODE           	02D2	0000	74
		_LIN_Slave_Initialize		CODE           	0595	0000	13

mcc_generated_files/LINDrivers/lin_app.c estimated size: 87

C:\Program Files\Microchip\xc8\v3.00\pic\sources\c99\common\memset.c
		_memset        		CODE           	04FB	0000	23

C:\Program Files\Microchip\xc8\v3.00\pic\sources\c99\common\memset.c estimated size: 23

mcc_generated_files/LINDrivers/lin_slave.c
		_LIN_init      		CODE           	0512	0000	22
		_LIN_stopTimer 		CODE           	0608	0000	5
		_LIN_timerHandler		CODE           	05AF	0000	13
		_LIN_checkPID  		CODE           	04E1	0000	26
		_LIN_getFromTable		CODE           	0274	0000	94
		_LIN_getPacket 		CODE           	03F2	0000	42
		_LIN_sendPacket		CODE           	0466	0000	35
		_LIN_disableRx 		CODE           	0617	0000	5
		_LIN_setTimerHandler		CODE           	05D1	0000	8
		_LIN_startTimer		CODE           	05A2	0000	13
		_LIN_queuePacket		CODE           	0212	0000	98
		_LIN_breakCheck		CODE           	0564	0000	19
		_LIN_getChecksum		CODE           	0394	0000	50
		_LIN_handler   		CODE           	0052	0000	314
		_LIN_calcParity		CODE           	018C	0000	134
		_LIN_enableRx  		CODE           	0612	0000	5

mcc_generated_files/LINDrivers/lin_slave.c estimated size: 883

mcc_generated_files/eusart.c
		_EUSART_SetRxInterruptHandler		CODE           	05EB	0000	6
		_EUSART_SetTxInterruptHandler		CODE           	05E5	0000	6
		_EUSART_Read   		CODE           	0442	0000	36
		_EUSART_DefaultOverrunErrorHandler		CODE           	0625	0000	4
		_EUSART_Write  		CODE           	041C	0000	38
		_EUSART_DefaultErrorHandler		CODE           	0629	0000	4
		_EUSART_Transmit_ISR		CODE           	04A9	0000	30
		_EUSART_Initialize		CODE           	031C	0000	62
		_EUSART_SetFramingErrorHandler		CODE           	05F7	0000	6
		_EUSART_SetErrorHandler		CODE           	05FD	0000	6
		_EUSART_SetOverrunErrorHandler		CODE           	05F1	0000	6
		_EUSART_Receive_ISR		CODE           	035A	0000	58
		_EUSART_RxDataHandler		CODE           	0528	0000	21
		_EUSART_DefaultFramingErrorHandler		CODE           	0632	0000	1
		_EUSART_get_last_status		CODE           	062D	0000	3
		_EUSART_is_rx_ready		CODE           	05C8	0000	9

mcc_generated_files/eusart.c estimated size: 296

main.c
		_main          		CODE           	0587	0000	14
		_AutoBaud_Detect		CODE           	03C6	0000	44

main.c estimated size: 58

