Microchip MPLAB XC8 Compiler V3.00

Linker command line:

-W-3 \
  --edf=C:\Program Files\Microchip\xc8\v3.00\pic\dat\20241204225717_en.msgs \
  -cn -h+dist/default/debug\FR743_B101L_RX01.X.debug.sym \
  --cmf=dist/default/debug\FR743_B101L_RX01.X.debug.cmf -z -Q16F1936 \
  -oC:\Users\t00904\AppData\Local\Temp\xcAssmk.\driver_tmp_3.o \
  --defsym=__MPLAB_BUILD=1 --fixupoverflow=error \
  -Mdist/default/debug/FR743_B101L_RX01.X.debug.map \
  --md=C:\Users\t00904\AppData\Local\Temp\xcAssmk.\driver_tmp_0.dat -E1 \
  -ver=XC8 Compiler -ACODE=00h-07FFhx4 -ASTRCODE=00h-01FFFh \
  -ASTRING=00h-0FFhx32 -ACONST=00h-0FFhx32 -AENTRY=00h-0FFhx32 \
  -ACOMMON=070h-07Fh -ABANK0=020h-06Fh -ABANK1=0A0h-0EFh \
  -ABANK2=0120h-016Fh -ABANK3=01A0h-01EFh -ABANK4=0220h-026Fh \
  -ABANK5=02A0h-02EFh -ABIGRAM=02000h-021DFh \
  -ARAM=020h-06Fh,0A0h-0EFh,0120h-016Fh,01A0h-01EFh,0220h-026Fh,02A0h-02EFh \
  -AABS1=020h-07Fh,0A0h-0EFh,0120h-016Fh,01A0h-01EFh,0220h-026Fh,02A0h-02EFh,0320h-032Fh \
  -ASFR0=00h-01Fh -ASFR1=080h-09Fh -ASFR2=0100h-011Fh -ASFR3=0180h-019Fh \
  -ASFR4=0200h-021Fh -ASFR5=0280h-029Fh -ASFR6=0300h-036Fh \
  -ASFR7=0380h-03EFh -ASFR8=0400h-046Fh -ASFR9=0480h-04EFh \
  -ASFR10=0500h-056Fh -ASFR11=0580h-05EFh -ASFR12=0600h-066Fh \
  -ASFR13=0680h-06EFh -ASFR14=0700h-076Fh -ASFR15=0780h-07EFh \
  -ASFR16=0800h-086Fh -ASFR17=0880h-08EFh -ASFR18=0900h-096Fh \
  -ASFR19=0980h-09EFh -ASFR20=0A00h-0A6Fh -ASFR21=0A80h-0AEFh \
  -ASFR22=0B00h-0B6Fh -ASFR23=0B80h-0BEFh -ASFR24=0C00h-0C6Fh \
  -ASFR25=0C80h-0CEFh -ASFR26=0D00h-0D6Fh -ASFR27=0D80h-0DEFh \
  -ASFR28=0E00h-0E6Fh -ASFR29=0E80h-0EEFh -ASFR30=0F00h-0F6Fh \
  -ASFR31=0F80h-0FEFh -ACONFIG=08007h-08008h -DCONFIG=2 \
  -AIDLOC=08000h-08003h -DIDLOC=2 -AEEDATA=00h-0FFh/0F000h \
  -peeprom_data=EEDATA -DEEDATA=2 -DCODE=2 -DSTRCODE=2 -DSTRING=2 -DCONST=2 \
  -DENTRY=2 -preset_vec=00h,intentry=04h,sivt,init,end_init -ppowerup=CODE \
  -pcinit=CODE -pfunctab=ENTRY -k \
  C:\Users\t00904\AppData\Local\Temp\xcAssmk.\driver_tmp_15.o \
  dist/default/debug\FR743_B101L_RX01.X.debug.o 

Object code version is 3.11

Machine type is 16F1936



                Name                               Link     Load   Length Selector   Space Scale
C:\Users\t00904\AppData\Local\Temp\xcAssmk.\driver_tmp_15.o
                end_init                             38       38        2        8       0
                reset_vec                             0        0        3        0       0
                config                             8007     8007        2        0       4
                idloc                              8000     8000        4        0       5
dist/default/debug\FR743_B101L_RX01.X.debug.o
                cinit                                3A       3A       18        8       0
                intentry                              4        4       34        8       0
                config                             8007     8007        2        0       4
                idloc                              8000     8000        4        0       5
                text58                              564      564       15        8       0
                text57                              654      654        4      C5C       0
                text56                              67E      67E        1      C5C       0
                text55                              650      650        4      C5C       0
                text54                              3C2      3C2       3A        8       0
                text53                              4E5      4E5       1E        8       0
                text52                              647      647        5      C5C       0
                text51                              67D      67D        1      C5C       0
                text50                              5CA      5CA        D        8       0
                text49                              5A0      5A0       10        8       0
                text47                              642      642        5      C5C       0
                text46                              623      623        6        8       0
                text45                              61D      61D        6        8       0
                text44                              617      617        6        8       0
                text43                              611      611        6        8       0
                text42                              60B      60B        6        8       0
                text41                              388      388       3A        8       0
                text40                              47E      47E       24        8       0
                text39                              5EE      5EE        9        8       0
                text38                              242      242       86        8       0
                text37                              32A      32A       5E        8       0
                text36                              51D      51D       1A        8       0
                text35                              63D      63D        5      C5C       0
                text34                              638      638        5      C5C       0
                text33                              458      458       26        8       0
                text32                              3FC      3FC       32        8       0
                text31                              4A2      4A2       23        8       0
                text30                              4C5      4C5       20        8       0
                text29                              2C8      2C8       62        8       0
                text28                              633      633        5      C5C       0
                text27                              5BD      5BD        D        8       0
                text26                              62E      62E        5      C5C       0
                text25                              679      679        3      C5C       0
                text24                              676      676        3      C5C       0
                text23                              673      673        3      C5C       0
                text22                              670      670        3      C5C       0
                text21                              66D      66D        3      C5C       0
                text20                              66A      66A        3      C5C       0
                text19                              537      537       17        8       0
                text18                              42E      42E       2A        8       0
                text17                              667      667        3      C5C       0
                text16                              664      664        3      C5C       0
                text15                              661      661        3      C5C       0
                text14                              65E      65E        3      C5C       0
                text13                              65B      65B        3      C5C       0
                text12                              658      658        3      C5C       0
                text11                              172      172       D0        8       0
                text10                               52       52      120        8       0
                text9                               605      605        6        8       0
                text8                               5F7      5F7        8        8       0
                text7                               54E      54E       16        8       0
                text6                               5B0      5B0        D        8       0
                text5                               5D7      5D7        C        8       0
                text4                               503      503       1A        8       0
                text3                               579      579       14        8       0
                text2                               64C      64C        4      C5C       0
                text1                               58D      58D       13        8       0
                maintext                            5E3      5E3        B        8       0
                cstackBANK0                          66       66        9       20       1
                cstackCOMMON                         70       70        E       70       1
                cstackBANK1                          A8       A8        5       A0       1
                clrtext                             5FF      5FF        6        8       0
                bssBANK1                             A0       A0        8       A0       1
                dataBANK0                            6F       6F        1       20       1
                bssBANK0                             20       20       46       20       1
                stringtext1                         629      629        5      C52       0
                idataBANK0                          67C      67C        1      C5C       0

TOTAL           Name                               Link     Load   Length     Space
        CLASS   CODE           
                end_init                             38       38        2         0
                cinit                                3A       3A       18         0
                intentry                              4        4       34         0
                reset_vec                             0        0        3         0
                text58                              564      564       15         0
                text57                              654      654        4         0
                text56                              67E      67E        1         0
                text55                              650      650        4         0
                text54                              3C2      3C2       3A         0
                text53                              4E5      4E5       1E         0
                text52                              647      647        5         0
                text51                              67D      67D        1         0
                text50                              5CA      5CA        D         0
                text49                              5A0      5A0       10         0
                text47                              642      642        5         0
                text46                              623      623        6         0
                text45                              61D      61D        6         0
                text44                              617      617        6         0
                text43                              611      611        6         0
                text42                              60B      60B        6         0
                text41                              388      388       3A         0
                text40                              47E      47E       24         0
                text39                              5EE      5EE        9         0
                text38                              242      242       86         0
                text37                              32A      32A       5E         0
                text36                              51D      51D       1A         0
                text35                              63D      63D        5         0
                text34                              638      638        5         0
                text33                              458      458       26         0
                text32                              3FC      3FC       32         0
                text31                              4A2      4A2       23         0
                text30                              4C5      4C5       20         0
                text29                              2C8      2C8       62         0
                text28                              633      633        5         0
                text27                              5BD      5BD        D         0
                text26                              62E      62E        5         0
                text25                              679      679        3         0
                text24                              676      676        3         0
                text23                              673      673        3         0
                text22                              670      670        3         0
                text21                              66D      66D        3         0
                text20                              66A      66A        3         0
                text19                              537      537       17         0
                text18                              42E      42E       2A         0
                text17                              667      667        3         0
                text16                              664      664        3         0
                text15                              661      661        3         0
                text14                              65E      65E        3         0
                text13                              65B      65B        3         0
                text12                              658      658        3         0
                text11                              172      172       D0         0
                text10                               52       52      120         0
                text9                               605      605        6         0
                text8                               5F7      5F7        8         0
                text7                               54E      54E       16         0
                text6                               5B0      5B0        D         0
                text5                               5D7      5D7        C         0
                text4                               503      503       1A         0
                text3                               579      579       14         0
                text2                               64C      64C        4         0
                text1                               58D      58D       13         0
                maintext                            5E3      5E3        B         0
                clrtext                             5FF      5FF        6         0
                idataBANK0                          67C      67C        1         0

        CLASS   STRCODE        
                stringtext1                         629      629        5         0

        CLASS   STRING         

        CLASS   CONST          

        CLASS   ENTRY          

        CLASS   COMMON         
                cstackCOMMON                         70       70        E         1

        CLASS   BANK0          
                cstackBANK0                          66       66        9         1
                dataBANK0                            6F       6F        1         1
                bssBANK0                             20       20       46         1

        CLASS   BANK1          
                cstackBANK1                          A8       A8        5         1
                bssBANK1                             A0       A0        8         1

        CLASS   BANK2          

        CLASS   BANK3          

        CLASS   BANK4          

        CLASS   BANK5          

        CLASS   BIGRAM         

        CLASS   RAM            

        CLASS   ABS1           
                abs_s1                               7E       7E        2         1

        CLASS   SFR0           

        CLASS   SFR1           

        CLASS   SFR2           

        CLASS   SFR3           

        CLASS   SFR4           

        CLASS   SFR5           

        CLASS   SFR6           

        CLASS   SFR7           

        CLASS   SFR8           

        CLASS   SFR9           

        CLASS   SFR10          

        CLASS   SFR11          

        CLASS   SFR12          

        CLASS   SFR13          

        CLASS   SFR14          

        CLASS   SFR15          

        CLASS   SFR16          

        CLASS   SFR17          

        CLASS   SFR18          

        CLASS   SFR19          

        CLASS   SFR20          

        CLASS   SFR21          

        CLASS   SFR22          

        CLASS   SFR23          

        CLASS   SFR24          

        CLASS   SFR25          

        CLASS   SFR26          

        CLASS   SFR27          

        CLASS   SFR28          

        CLASS   SFR29          

        CLASS   SFR30          

        CLASS   SFR31          

        CLASS   CONFIG         
                config                             8007     8007        2         4

        CLASS   IDLOC          
                idloc                              8000     8000        4         5

        CLASS   EEDATA         

        CLASS   BANK31         

        CLASS   BANK30         

        CLASS   BANK29         

        CLASS   BANK28         

        CLASS   BANK27         

        CLASS   BANK26         

        CLASS   BANK25         

        CLASS   BANK24         

        CLASS   BANK23         

        CLASS   BANK22         

        CLASS   BANK21         

        CLASS   BANK20         

        CLASS   BANK19         

        CLASS   BANK18         

        CLASS   BANK17         

        CLASS   BANK16         

        CLASS   BANK15         

        CLASS   BANK14         

        CLASS   BANK13         

        CLASS   BANK12         

        CLASS   BANK11         

        CLASS   BANK10         

        CLASS   BANK9          

        CLASS   BANK8          

        CLASS   BANK7          

        CLASS   BANK6          

        CLASS   HEAP           

        CLASS   STACK          



SEGMENTS        Name                           Load    Length   Top    Selector   Space  Class     Delta

                reset_vec                      000000  000003  000003         0       0  CODE        2
                intentry                       000004  000625  000629         8       0  CODE        2
                bssBANK0                       000020  000050  000070        20       1  BANK0       1
                cstackCOMMON                   000070  00000E  00007E        70       1  COMMON      1
                bssBANK1                       0000A0  00000D  0000AD        A0       1  BANK1       1
                stringtext1                    000629  000005  00062E       C52       0  STRCODE     2
                text26                         00062E  000051  00067F       C5C       0  CODE        2


UNUSED ADDRESS RANGES

        Name                Unused          Largest block    Delta
        BANK1            000AD-000EF              43           1
        BANK2            00120-0016F              50           1
        BANK3            001A0-001EF              50           1
        BANK4            00220-0026F              50           1
        BANK5            002A0-002EF              50           1
        BIGRAM           02000-021DF             1E0           1
        CODE             00003-00003               1           2
                         0067F-01FFF             800
        CONST            00003-00003               1           2
                         0067F-01FFF             100
        EEDATA           0F000-0F0FF             100           2
        ENTRY            00003-00003               1           2
                         0067F-01FFF             100
        RAM              000AD-000EF              43           1
                         00120-0016F              50
                         001A0-001EF              50
                         00220-0026F              50
                         002A0-002EF              50
        SFR0             00000-0001F              20           1
        SFR1             00080-0009F              20           1
        SFR10            00500-0056F              70           1
        SFR11            00580-005EF              70           1
        SFR12            00600-0066F              70           1
        SFR13            00680-006EF              70           1
        SFR14            00700-0076F              70           1
        SFR15            00780-007EF              70           1
        SFR16            00800-0086F              70           1
        SFR17            00880-008EF              70           1
        SFR18            00900-0096F              70           1
        SFR19            00980-009EF              70           1
        SFR2             00100-0011F              20           1
        SFR20            00A00-00A6F              70           1
        SFR21            00A80-00AEF              70           1
        SFR22            00B00-00B6F              70           1
        SFR23            00B80-00BEF              70           1
        SFR24            00C00-00C6F              70           1
        SFR25            00C80-00CEF              70           1
        SFR26            00D00-00D6F              70           1
        SFR27            00D80-00DEF              70           1
        SFR28            00E00-00E6F              70           1
        SFR29            00E80-00EEF              70           1
        SFR3             00180-0019F              20           1
        SFR30            00F00-00F6F              70           1
        SFR31            00F80-00FEF              70           1
        SFR4             00200-0021F              20           1
        SFR5             00280-0029F              20           1
        SFR6             00300-0036F              70           1
        SFR7             00380-003EF              70           1
        SFR8             00400-0046F              70           1
        SFR9             00480-004EF              70           1
        STRCODE          00003-00003               1           2
                         0067F-01FFF            1981
        STRING           00003-00003               1           2
                         0067F-01FFF             100

                                  Symbol Table

EUSART_Read@readValue                          cstackCOMMON 00070
EUSART_SetErrorHandler@interruptHandler        cstackCOMMON 00070
EUSART_SetFramingErrorHandler@interruptHandler cstackCOMMON 00070
EUSART_SetOverrunErrorHandler@interruptHandler cstackCOMMON 00070
EUSART_SetRxInterruptHandler@interruptHandler  cstackCOMMON 00070
EUSART_SetTxInterruptHandler@interruptHandler  cstackCOMMON 00070
EUSART_Write@txData                            cstackCOMMON 00070
LIN_calcParity@CMD                             cstackCOMMON 00071
LIN_calcParity@PID                             cstackCOMMON 00072
LIN_checkPID@pid                               cstackCOMMON 00077
LIN_getChecksum@checksum                       cstackCOMMON 00077
LIN_getChecksum@data                           cstackCOMMON 00071
LIN_getChecksum@i                              cstackCOMMON 00076
LIN_getChecksum@length                         cstackCOMMON 00075
LIN_getChecksum@pid                            cstackCOMMON 00070
LIN_getFromTable@cmd                           cstackCOMMON 00073
LIN_getFromTable@length                        cstackCOMMON 00074
LIN_getFromTable@param                         cstackCOMMON 00070
LIN_getFromTable@rxCommand                     cstackCOMMON 00075
LIN_getPacket@cmd                              cstackCOMMON 0007A
LIN_getPacket@data                             cstackCOMMON 00079
LIN_handler@LIN_rxState                        bssBANK0     00051
LIN_handler@rxDataIndex                        bssBANK0     00050
LIN_init@command                               cstackCOMMON 00072
LIN_init@processData                           cstackCOMMON 00074
LIN_init@tableLength                           cstackCOMMON 00076
LIN_queuePacket@cmd                            cstackBANK0  00067
LIN_queuePacket@i                              cstackBANK0  00068
LIN_queuePacket@tempSchedule                   cstackBANK0  00069
LIN_sendPacket@data                            cstackCOMMON 0007A
LIN_sendPacket@i                               cstackCOMMON 0007D
LIN_sendPacket@length                          cstackCOMMON 0007C
LIN_sendPacket@pid                             cstackCOMMON 00079
LIN_startTimer@timeout                         cstackCOMMON 00071
TMR0_SetInterruptHandler@InterruptHandler      cstackCOMMON 00070
TMR0_WriteTimer@timerVal                       cstackCOMMON 00070
_ANSELA                                        (abs)        0018C
_ANSELB                                        (abs)        0018D
_APFCON                                        (abs)        0011D
_AutoBaud_Detect_ON                            text47       00642
_BAUDCON                                       (abs)        0019F
_BAUDCONbits                                   (abs)        0019F
_BORCON                                        (abs)        00116
_CountCallBack                                 bssBANK0     00052
_DRL_OFF                                       text25       00679
_DRL_ON                                        text24       00676
_EUSART_DefaultErrorHandler                    text57       00654
_EUSART_DefaultFramingErrorHandler             text56       0067E
_EUSART_DefaultOverrunErrorHandler             text55       00650
_EUSART_ErrorHandler                           bssBANK0     0003A
_EUSART_FramingErrorHandler                    bssBANK0     0003E
_EUSART_Initialize                             text41       00388
_EUSART_OverrunErrorHandler                    bssBANK0     0003C
_EUSART_Read                                   text40       0047E
_EUSART_Receive_ISR                            text54       003C2
_EUSART_RxDataHandler                          text58       00564
_EUSART_RxDefaultInterruptHandler              bssBANK0     00040
_EUSART_SetErrorHandler                        text46       00623
_EUSART_SetFramingErrorHandler                 text45       0061D
_EUSART_SetOverrunErrorHandler                 text44       00617
_EUSART_SetRxInterruptHandler                  text43       00611
_EUSART_SetTxInterruptHandler                  text42       0060B
_EUSART_Transmit_ISR                           text53       004E5
_EUSART_TxDefaultInterruptHandler              bssBANK0     00042
_EUSART_Write                                  text33       00458
_EUSART_is_rx_ready                            text39       005EE
_HIBEAM_OFF                                    text23       00673
_HIBEAM_ON                                     text22       00670
_INTCONbits                                    (abs)        0000B
_INTERRUPT_InterruptManager                    intentry     00004
_LATA                                          (abs)        0010C
_LATB                                          (abs)        0010D
_LATBbits                                      (abs)        0010D
_LATC                                          (abs)        0010E
_LATE                                          (abs)        00110
_LEFT_OFF                                      text21       0066D
_LEFT_ON                                       text20       0066A
_LIN_Slave_Initialize                          text6        005B0
_LIN_calcParity                                text38       00242
_LIN_checkPID                                  text36       0051D
_LIN_disableRx                                 text35       0063D
_LIN_enableRx                                  text34       00638
_LIN_getChecksum                               text32       003FC
_LIN_getFromTable                              text37       0032A
_LIN_getPacket                                 text18       0042E
_LIN_handler                                   text10       00052
_LIN_init                                      text7        0054E
_LIN_packet                                    bssBANK0     00059
_LIN_processData                               bssBANK0     00046
_LIN_queuePacket                               text29       002C8
_LIN_rxCommand                                 bssBANK0     00044
_LIN_rxCommandLength                           bssBANK0     00054
_LIN_rxInProgress                              bssBANK0     00055
_LIN_sendPacket                                text31       004A2
_LIN_setTimerHandler                           text8        005F7
_LIN_startTimer                                text27       005BD
_LIN_stopTimer                                 text26       0062E
_LIN_timeout                                   dataBANK0    0006F
_LIN_timerHandler                              text50       005CA
_LIN_timerRunning                              bssBANK0     00053
_LOBEAM_OFF                                    text17       00667
_LOBEAM_ON                                     text16       00664
_OPTION_REG                                    (abs)        00095
_OPTION_REGbits                                (abs)        00095
_OSCCON                                        (abs)        00099
_OSCILLATOR_Initialize                         text5        005D7
_OSCTUNE                                       (abs)        00098
_PIE1bits                                      (abs)        00091
_PIN_MANAGER_Initialize                        text4        00503
_PIR1bits                                      (abs)        00011
_PLLR                                          (abs)        004D6
_POS_OFF                                       text15       00661
_POS_ON                                        text14       0065E
_RCREG                                         (abs)        00199
_RCSTA                                         (abs)        0019D
_RCSTAbits                                     (abs)        0019D
_RIGHT_OFF                                     text13       0065B
_RIGHT_ON                                      text12       00658
_SW_STATE_Data                                 bssBANK1     000A0
_SYSTEM_Initialize                             text1        0058D
_TMR0                                          (abs)        00015
_TMR0_DefaultInterruptHandler                  text51       0067D
_TMR0_ISR                                      text49       005A0
_TMR0_Initialize                               text3        00579
_TMR0_InterruptHandler                         bssBANK0     00038
_TMR0_SetInterruptHandler                      text9        00605
_TMR0_WriteTimer                               text28       00633
_TRISA                                         (abs)        0008C
_TRISB                                         (abs)        0008D
_TRISC                                         (abs)        0008E
_TRISE                                         (abs)        00090
_TXREG                                         (abs)        0019A
_TXSTA                                         (abs)        0019E
_TXSTAbits                                     (abs)        0019E
_WDTCON                                        (abs)        00097
_WDT_Initialize                                text2        0064C
_WPUB                                          (abs)        0020D
_WPUE                                          (abs)        00210
__H__absolute__                                __absolute__ 00000
__Habs1                                        abs1         00000
__Hbank0                                       bank0        00000
__Hbank1                                       bank1        00000
__Hbank10                                      bank10       00000
__Hbank11                                      bank11       00000
__Hbank12                                      bank12       00000
__Hbank13                                      bank13       00000
__Hbank14                                      bank14       00000
__Hbank15                                      bank15       00000
__Hbank16                                      bank16       00000
__Hbank17                                      bank17       00000
__Hbank18                                      bank18       00000
__Hbank19                                      bank19       00000
__Hbank2                                       bank2        00000
__Hbank20                                      bank20       00000
__Hbank21                                      bank21       00000
__Hbank22                                      bank22       00000
__Hbank23                                      bank23       00000
__Hbank24                                      bank24       00000
__Hbank25                                      bank25       00000
__Hbank26                                      bank26       00000
__Hbank27                                      bank27       00000
__Hbank28                                      bank28       00000
__Hbank29                                      bank29       00000
__Hbank3                                       bank3        00000
__Hbank30                                      bank30       00000
__Hbank31                                      bank31       00000
__Hbank4                                       bank4        00000
__Hbank5                                       bank5        00000
__Hbank6                                       bank6        00000
__Hbank7                                       bank7        00000
__Hbank8                                       bank8        00000
__Hbank9                                       bank9        00000
__Hbigram                                      bigram       00000
__HbssBANK0                                    bssBANK0     00000
__HbssBANK1                                    bssBANK1     00000
__Hcinit                                       cinit        00052
__Hclrtext                                     clrtext      00000
__Hcode                                        code         00000
__Hcommon                                      common       00000
__Hconfig                                      config       08009
__HcstackBANK0                                 cstackBANK0  00000
__HcstackBANK1                                 cstackBANK1  00000
__HcstackCOMMON                                cstackCOMMON 00000
__HdataBANK0                                   dataBANK0    00000
__Heeprom_data                                 eeprom_data  00000
__Hend_init                                    end_init     0003A
__Hfunctab                                     functab      00000
__Hheap                                        heap         00000
__HidataBANK0                                  idataBANK0   00000
__Hidloc                                       idloc        08004
__Hinit                                        init         00038
__Hintentry                                    intentry     00038
__Hmaintext                                    maintext     00000
__Hpowerup                                     powerup      00000
__Hram                                         ram          00000
__Hreset_vec                                   reset_vec    00003
__Hsfr0                                        sfr0         00000
__Hsfr1                                        sfr1         00000
__Hsfr10                                       sfr10        00000
__Hsfr11                                       sfr11        00000
__Hsfr12                                       sfr12        00000
__Hsfr13                                       sfr13        00000
__Hsfr14                                       sfr14        00000
__Hsfr15                                       sfr15        00000
__Hsfr16                                       sfr16        00000
__Hsfr17                                       sfr17        00000
__Hsfr18                                       sfr18        00000
__Hsfr19                                       sfr19        00000
__Hsfr2                                        sfr2         00000
__Hsfr20                                       sfr20        00000
__Hsfr21                                       sfr21        00000
__Hsfr22                                       sfr22        00000
__Hsfr23                                       sfr23        00000
__Hsfr24                                       sfr24        00000
__Hsfr25                                       sfr25        00000
__Hsfr26                                       sfr26        00000
__Hsfr27                                       sfr27        00000
__Hsfr28                                       sfr28        00000
__Hsfr29                                       sfr29        00000
__Hsfr3                                        sfr3         00000
__Hsfr30                                       sfr30        00000
__Hsfr31                                       sfr31        00000
__Hsfr4                                        sfr4         00000
__Hsfr5                                        sfr5         00000
__Hsfr6                                        sfr6         00000
__Hsfr7                                        sfr7         00000
__Hsfr8                                        sfr8         00000
__Hsfr9                                        sfr9         00000
__Hsivt                                        sivt         00038
__Hspace_0                                     (abs)        0067F
__Hspace_1                                     (abs)        000AD
__Hspace_2                                     (abs)        00000
__Hspace_3                                     (abs)        00000
__Hspace_4                                     (abs)        10010
__Hstack                                       stack        00000
__Hstrings                                     strings      00000
__Hstringtext1                                 stringtext1  00000
__Htext                                        text         00000
__L__absolute__                                __absolute__ 00000
__Labs1                                        abs1         00000
__Lbank0                                       bank0        00000
__Lbank1                                       bank1        00000
__Lbank10                                      bank10       00000
__Lbank11                                      bank11       00000
__Lbank12                                      bank12       00000
__Lbank13                                      bank13       00000
__Lbank14                                      bank14       00000
__Lbank15                                      bank15       00000
__Lbank16                                      bank16       00000
__Lbank17                                      bank17       00000
__Lbank18                                      bank18       00000
__Lbank19                                      bank19       00000
__Lbank2                                       bank2        00000
__Lbank20                                      bank20       00000
__Lbank21                                      bank21       00000
__Lbank22                                      bank22       00000
__Lbank23                                      bank23       00000
__Lbank24                                      bank24       00000
__Lbank25                                      bank25       00000
__Lbank26                                      bank26       00000
__Lbank27                                      bank27       00000
__Lbank28                                      bank28       00000
__Lbank29                                      bank29       00000
__Lbank3                                       bank3        00000
__Lbank30                                      bank30       00000
__Lbank31                                      bank31       00000
__Lbank4                                       bank4        00000
__Lbank5                                       bank5        00000
__Lbank6                                       bank6        00000
__Lbank7                                       bank7        00000
__Lbank8                                       bank8        00000
__Lbank9                                       bank9        00000
__Lbigram                                      bigram       00000
__LbssBANK0                                    bssBANK0     00000
__LbssBANK1                                    bssBANK1     00000
__Lcinit                                       cinit        0003A
__Lclrtext                                     clrtext      00000
__Lcode                                        code         00000
__Lcommon                                      common       00000
__Lconfig                                      config       00000
__LcstackBANK0                                 cstackBANK0  00000
__LcstackBANK1                                 cstackBANK1  00000
__LcstackCOMMON                                cstackCOMMON 00000
__LdataBANK0                                   dataBANK0    00000
__Leeprom_data                                 eeprom_data  00000
__Lend_init                                    end_init     00038
__Lfunctab                                     functab      00000
__Lheap                                        heap         00000
__LidataBANK0                                  idataBANK0   00000
__Lidloc                                       idloc        00000
__Linit                                        init         00038
__Lintentry                                    intentry     00004
__Lmaintext                                    maintext     00000
__Lpowerup                                     powerup      00000
__Lram                                         ram          00000
__Lreset_vec                                   reset_vec    00000
__Lsfr0                                        sfr0         00000
__Lsfr1                                        sfr1         00000
__Lsfr10                                       sfr10        00000
__Lsfr11                                       sfr11        00000
__Lsfr12                                       sfr12        00000
__Lsfr13                                       sfr13        00000
__Lsfr14                                       sfr14        00000
__Lsfr15                                       sfr15        00000
__Lsfr16                                       sfr16        00000
__Lsfr17                                       sfr17        00000
__Lsfr18                                       sfr18        00000
__Lsfr19                                       sfr19        00000
__Lsfr2                                        sfr2         00000
__Lsfr20                                       sfr20        00000
__Lsfr21                                       sfr21        00000
__Lsfr22                                       sfr22        00000
__Lsfr23                                       sfr23        00000
__Lsfr24                                       sfr24        00000
__Lsfr25                                       sfr25        00000
__Lsfr26                                       sfr26        00000
__Lsfr27                                       sfr27        00000
__Lsfr28                                       sfr28        00000
__Lsfr29                                       sfr29        00000
__Lsfr3                                        sfr3         00000
__Lsfr30                                       sfr30        00000
__Lsfr31                                       sfr31        00000
__Lsfr4                                        sfr4         00000
__Lsfr5                                        sfr5         00000
__Lsfr6                                        sfr6         00000
__Lsfr7                                        sfr7         00000
__Lsfr8                                        sfr8         00000
__Lsfr9                                        sfr9         00000
__Lsivt                                        sivt         00038
__Lspace_0                                     (abs)        00000
__Lspace_1                                     (abs)        00000
__Lspace_2                                     (abs)        00000
__Lspace_3                                     (abs)        00000
__Lspace_4                                     (abs)        00000
__Lstack                                       stack        00000
__Lstrings                                     strings      00000
__Lstringtext1                                 stringtext1  00000
__Ltext                                        text         00000
__S0                                           (abs)        0067F
__S1                                           (abs)        000AD
__S3                                           (abs)        00000
___heap_hi                                     (abs)        00000
___heap_lo                                     (abs)        00000
___int_sp                                      stack        00000
___int_stack_hi                                stack        00000
___int_stack_lo                                stack        00000
___latbits                                     (abs)        00002
___sp                                          stack        00000
___stack_hi                                    stack        00000
___stack_lo                                    stack        00000
___stackhi                                     (abs)        00000
___stacklo                                     (abs)        00000
__end_of_AutoBaud_Detect_ON                    text47       00647
__end_of_DRL_OFF                               text25       0067C
__end_of_DRL_ON                                text24       00679
__end_of_EUSART_DefaultErrorHandler            text57       00658
__end_of_EUSART_DefaultFramingErrorHandler     text56       0067F
__end_of_EUSART_DefaultOverrunErrorHandler     text55       00654
__end_of_EUSART_Initialize                     text41       003C2
__end_of_EUSART_Read                           text40       004A2
__end_of_EUSART_Receive_ISR                    text54       003FC
__end_of_EUSART_RxDataHandler                  text58       00579
__end_of_EUSART_SetErrorHandler                text46       00629
__end_of_EUSART_SetFramingErrorHandler         text45       00623
__end_of_EUSART_SetOverrunErrorHandler         text44       0061D
__end_of_EUSART_SetRxInterruptHandler          text43       00617
__end_of_EUSART_SetTxInterruptHandler          text42       00611
__end_of_EUSART_Transmit_ISR                   text53       00503
__end_of_EUSART_Write                          text33       0047E
__end_of_EUSART_is_rx_ready                    text39       005F7
__end_of_HIBEAM_OFF                            text23       00676
__end_of_HIBEAM_ON                             text22       00673
__end_of_INTERRUPT_InterruptManager            intentry     00038
__end_of_LEFT_OFF                              text21       00670
__end_of_LEFT_ON                               text20       0066D
__end_of_LIN_Slave_Initialize                  text6        005BD
__end_of_LIN_calcParity                        text38       002C8
__end_of_LIN_checkPID                          text36       00537
__end_of_LIN_disableRx                         text35       00642
__end_of_LIN_enableRx                          text34       0063D
__end_of_LIN_getChecksum                       text32       0042E
__end_of_LIN_getFromTable                      text37       00388
__end_of_LIN_getPacket                         text18       00458
__end_of_LIN_handler                           text10       00172
__end_of_LIN_init                              text7        00564
__end_of_LIN_queuePacket                       text29       0032A
__end_of_LIN_sendPacket                        text31       004C5
__end_of_LIN_setTimerHandler                   text8        005FF
__end_of_LIN_startTimer                        text27       005CA
__end_of_LIN_stopTimer                         text26       00633
__end_of_LIN_timerHandler                      text50       005D7
__end_of_LOBEAM_OFF                            text17       0066A
__end_of_LOBEAM_ON                             text16       00667
__end_of_OSCILLATOR_Initialize                 text5        005E3
__end_of_PIN_MANAGER_Initialize                text4        0051D
__end_of_POS_OFF                               text15       00664
__end_of_POS_ON                                text14       00661
__end_of_RIGHT_OFF                             text13       0065E
__end_of_RIGHT_ON                              text12       0065B
__end_of_SYSTEM_Initialize                     text1        005A0
__end_of_TMR0_DefaultInterruptHandler          text51       0067E
__end_of_TMR0_ISR                              text49       005B0
__end_of_TMR0_Initialize                       text3        0058D
__end_of_TMR0_SetInterruptHandler              text9        0060B
__end_of_TMR0_WriteTimer                       text28       00638
__end_of_WDT_Initialize                        text2        00650
__end_of__initialization                       cinit        0004E
__end_of_main                                  maintext     005EE
__end_of_memcpy                                text30       004E5
__end_of_memset                                text19       0054E
__end_of_processLIN                            text11       00242
__end_of_scheduleTable                         stringtext1  0062E
__end_ofi1_LIN_stopTimer                       text52       0064C
__initialization                               cinit        0003A
__pbssBANK0                                    bssBANK0     00020
__pbssBANK1                                    bssBANK1     000A0
__pcstackBANK0                                 cstackBANK0  00066
__pcstackBANK1                                 cstackBANK1  000A8
__pcstackCOMMON                                cstackCOMMON 00070
__pdataBANK0                                   dataBANK0    0006F
__pidataBANK0                                  idataBANK0   0067C
__pintentry                                    intentry     00004
__pmaintext                                    maintext     005E3
__pstringtext1                                 stringtext1  00629
__ptext1                                       text1        0058D
__ptext10                                      text10       00052
__ptext11                                      text11       00172
__ptext12                                      text12       00658
__ptext13                                      text13       0065B
__ptext14                                      text14       0065E
__ptext15                                      text15       00661
__ptext16                                      text16       00664
__ptext17                                      text17       00667
__ptext18                                      text18       0042E
__ptext19                                      text19       00537
__ptext2                                       text2        0064C
__ptext20                                      text20       0066A
__ptext21                                      text21       0066D
__ptext22                                      text22       00670
__ptext23                                      text23       00673
__ptext24                                      text24       00676
__ptext25                                      text25       00679
__ptext26                                      text26       0062E
__ptext27                                      text27       005BD
__ptext28                                      text28       00633
__ptext29                                      text29       002C8
__ptext3                                       text3        00579
__ptext30                                      text30       004C5
__ptext31                                      text31       004A2
__ptext32                                      text32       003FC
__ptext33                                      text33       00458
__ptext34                                      text34       00638
__ptext35                                      text35       0063D
__ptext36                                      text36       0051D
__ptext37                                      text37       0032A
__ptext38                                      text38       00242
__ptext39                                      text39       005EE
__ptext4                                       text4        00503
__ptext40                                      text40       0047E
__ptext41                                      text41       00388
__ptext42                                      text42       0060B
__ptext43                                      text43       00611
__ptext44                                      text44       00617
__ptext45                                      text45       0061D
__ptext46                                      text46       00623
__ptext47                                      text47       00642
__ptext49                                      text49       005A0
__ptext5                                       text5        005D7
__ptext50                                      text50       005CA
__ptext51                                      text51       0067D
__ptext52                                      text52       00647
__ptext53                                      text53       004E5
__ptext54                                      text54       003C2
__ptext55                                      text55       00650
__ptext56                                      text56       0067E
__ptext57                                      text57       00654
__ptext58                                      text58       00564
__ptext6                                       text6        005B0
__ptext7                                       text7        0054E
__ptext8                                       text8        005F7
__ptext9                                       text9        00605
_eusartRxBuffer                                bssBANK0     00028
_eusartRxCount                                 bssBANK0     0004A
_eusartRxHead                                  bssBANK0     0004C
_eusartRxLastError                             bssBANK0     00049
_eusartRxStatusBuffer                          bssBANK0     00020
_eusartRxTail                                  bssBANK0     0004B
_eusartTxBuffer                                bssBANK0     00030
_eusartTxBufferRemaining                       bssBANK0     0004D
_eusartTxHead                                  bssBANK0     0004F
_eusartTxTail                                  bssBANK0     0004E
_lampFlags                                     bssBANK0     00056
_lampState                                     bssBANK0     00058
_main                                          maintext     005E3
_memcpy                                        text30       004C5
_memset                                        text19       00537
_processLIN                                    text11       00172
_scheduleTable                                 stringtext1  00629
_timer0ReloadVal                               bssBANK0     00048
btemp                                          (abs)        0007E
clear_ram0                                     clrtext      005FF
end_of_initialization                          cinit        0004E
i1_LIN_stopTimer                               text52       00647
int$flags                                      (abs)        0007E
intlevel0                                      functab      00000
intlevel1                                      functab      00000
intlevel2                                      functab      00000
intlevel3                                      functab      00000
intlevel4                                      functab      00000
intlevel5                                      functab      00000
memcpy@d                                       cstackCOMMON 00077
memcpy@d1                                      cstackCOMMON 00070
memcpy@n                                       cstackCOMMON 00074
memcpy@s                                       cstackCOMMON 00078
memcpy@s1                                      cstackCOMMON 00072
memcpy@tmp                                     cstackCOMMON 00076
memset@c                                       cstackCOMMON 00072
memset@dest                                    cstackCOMMON 00070
memset@n                                       cstackCOMMON 00074
memset@p                                       cstackCOMMON 00076
processLIN@cmd                                 cstackBANK0  00066
processLIN@tempRxData                          cstackBANK0  00067
reset_vec                                      reset_vec    00000
start                                          init         00038
start_initialization                           cinit        0003A
wtemp0                                         (abs)        0007E


MODULE INFORMATION

Module		Function		Class		Link	Load	Size
C:\Program Files\Microchip\xc8\v3.00\pic\sources\c99\common\memcpy.c
		_memcpy        		CODE           	04C5	0000	32

C:\Program Files\Microchip\xc8\v3.00\pic\sources\c99\common\memcpy.c estimated size: 32

mcc_generated_files/interrupt_manager.c
		_INTERRUPT_InterruptManager		CODE           	0004	0000	52

mcc_generated_files/interrupt_manager.c estimated size: 52

mcc_generated_files/tmr0.c
		_TMR0_SetInterruptHandler		CODE           	0605	0000	6
		_TMR0_DefaultInterruptHandler		CODE           	067D	0000	1
		_TMR0_WriteTimer		CODE           	0633	0000	5
		_TMR0_ISR      		CODE           	05A0	0000	16
		_TMR0_Initialize		CODE           	0579	0000	20

mcc_generated_files/tmr0.c estimated size: 48

mcc_generated_files/pin_manager.c
		_PIN_MANAGER_Initialize		CODE           	0503	0000	26

mcc_generated_files/pin_manager.c estimated size: 26

shared
		i1_LIN_stopTimer		CODE           	0647	0000	5
		_scheduleTable 		STRCODE        	0629	0000	5
		__initialization		CODE           	003A	0000	20

shared estimated size: 30

mcc_generated_files/mcc.c
		_WDT_Initialize		CODE           	064C	0000	4
		_OSCILLATOR_Initialize		CODE           	05D7	0000	12
		_SYSTEM_Initialize		CODE           	058D	0000	19

mcc_generated_files/mcc.c estimated size: 35

LINDrivers/lin_slave.c
		_LIN_init      		CODE           	054E	0000	22
		_LIN_stopTimer 		CODE           	062E	0000	5
		_LIN_timerHandler		CODE           	05CA	0000	13
		_LIN_checkPID  		CODE           	051D	0000	26
		_LIN_getFromTable		CODE           	032A	0000	94
		_LIN_getPacket 		CODE           	042E	0000	42
		_LIN_sendPacket		CODE           	04A2	0000	35
		_LIN_disableRx 		CODE           	063D	0000	5
		_LIN_setTimerHandler		CODE           	05F7	0000	8
		_AutoBaud_Detect_ON		CODE           	0642	0000	5
		_LIN_startTimer		CODE           	05BD	0000	13
		_LIN_queuePacket		CODE           	02C8	0000	98
		_LIN_getChecksum		CODE           	03FC	0000	50
		_LIN_handler   		CODE           	0052	0000	288
		_LIN_calcParity		CODE           	0242	0000	134
		_LIN_enableRx  		CODE           	0638	0000	5

LINDrivers/lin_slave.c estimated size: 843

C:\Program Files\Microchip\xc8\v3.00\pic\sources\c99\common\memset.c
		_memset        		CODE           	0537	0000	23

C:\Program Files\Microchip\xc8\v3.00\pic\sources\c99\common\memset.c estimated size: 23

mcc_generated_files/eusart.c
		_EUSART_SetRxInterruptHandler		CODE           	0611	0000	6
		_EUSART_SetTxInterruptHandler		CODE           	060B	0000	6
		_EUSART_Read   		CODE           	047E	0000	36
		_EUSART_DefaultOverrunErrorHandler		CODE           	0650	0000	4
		_EUSART_Write  		CODE           	0458	0000	38
		_EUSART_DefaultErrorHandler		CODE           	0654	0000	4
		_EUSART_Transmit_ISR		CODE           	04E5	0000	30
		_EUSART_Initialize		CODE           	0388	0000	58
		_EUSART_SetFramingErrorHandler		CODE           	061D	0000	6
		_EUSART_SetErrorHandler		CODE           	0623	0000	6
		_EUSART_SetOverrunErrorHandler		CODE           	0617	0000	6
		_EUSART_Receive_ISR		CODE           	03C2	0000	58
		_EUSART_RxDataHandler		CODE           	0564	0000	21
		_EUSART_DefaultFramingErrorHandler		CODE           	067E	0000	1
		_EUSART_is_rx_ready		CODE           	05EE	0000	9

mcc_generated_files/eusart.c estimated size: 289

main.c
		_main          		CODE           	05E3	0000	11

main.c estimated size: 11

LINDrivers/lin_app.c
		_processLIN    		CODE           	0172	0000	208
		_POS_OFF       		CODE           	0661	0000	3
		_HIBEAM_ON     		CODE           	0670	0000	3
		_HIBEAM_OFF    		CODE           	0673	0000	3
		_RIGHT_ON      		CODE           	0658	0000	3
		_RIGHT_OFF     		CODE           	065B	0000	3
		_LEFT_OFF      		CODE           	066D	0000	3
		_LOBEAM_ON     		CODE           	0664	0000	3
		_LOBEAM_OFF    		CODE           	0667	0000	3
		_DRL_ON        		CODE           	0676	0000	3
		_LIN_Slave_Initialize		CODE           	05B0	0000	13
		_LEFT_ON       		CODE           	066A	0000	3
		_POS_ON        		CODE           	065E	0000	3
		_DRL_OFF       		CODE           	0679	0000	3

LINDrivers/lin_app.c estimated size: 257

